00:42:12 **** Incremental Build of configuration Debug for project BFMC_Sensor_401 ****
make -j16 all 
arm-none-eabi-gcc "../MyDriver/Src/i2c.c" -mcpu=cortex-m4 -std=gnu11 -g3 -DDEBUG -DUSE_HAL_DRIVER -DSTM32F401xE -c -I../Core/Inc -I../Drivers/STM32F4xx_HAL_Driver/Inc -I../Drivers/STM32F4xx_HAL_Driver/Inc/Legacy -I../Drivers/CMSIS/Device/ST/STM32F4xx/Include -I../Drivers/CMSIS/Include -I"C:/Users/Admin/Desktop/BFMC_Personal/STM32/BFMC_Sensor_401/MyDriver/Inc" -O0 -ffunction-sections -fdata-sections -Wall -fstack-usage -fcyclomatic-complexity -MMD -MP -MF"MyDriver/Src/i2c.d" -MT"MyDriver/Src/i2c.o" --specs=nano.specs -mfpu=fpv4-sp-d16 -mfloat-abi=hard -mthumb -o "MyDriver/Src/i2c.o"
arm-none-eabi-gcc -o "BFMC_Sensor_401.elf" @"objects.list"   -mcpu=cortex-m4 -T"C:\Users\Admin\Desktop\BFMC_Personal\STM32\BFMC_Sensor_401\STM32F401RETX_FLASH.ld" --specs=nosys.specs -Wl,-Map="BFMC_Sensor_401.map" -Wl,--gc-sections -static --specs=nano.specs -mfpu=fpv4-sp-d16 -mfloat-abi=hard -mthumb -Wl,--start-group -lc -lm -Wl,--end-group
Finished building target: BFMC_Sensor_401.elf
 
arm-none-eabi-size  BFMC_Sensor_401.elf 
arm-none-eabi-objdump -h -S BFMC_Sensor_401.elf  > "BFMC_Sensor_401.list"
   text	   data	    bss	    dec	    hex	filename
   6808	     12	   1572	   8392	   20c8	BFMC_Sensor_401.elf
Finished building: default.size.stdout
 
Finished building: BFMC_Sensor_401.list
 
00:44:10 **** Incremental Build of configuration Debug for project BFMC_Sensor_401 ****
make -j16 all 
arm-none-eabi-size  BFMC_Sensor_401.elf 
   text	   data	    bss	    dec	    hex	filename
   6808	     12	   1572	   8392	   20c8	BFMC_Sensor_401.elf
Finished building: default.size.stdout
 
00:47:26 **** Incremental Build of configuration Debug for project BFMC_Sensor_401 ****
make -j16 all 
arm-none-eabi-gcc "../MyDriver/Src/bno055.c" -mcpu=cortex-m4 -std=gnu11 -g3 -DDEBUG -DUSE_HAL_DRIVER -DSTM32F401xE -c -I../Core/Inc -I../Drivers/STM32F4xx_HAL_Driver/Inc -I../Drivers/STM32F4xx_HAL_Driver/Inc/Legacy -I../Drivers/CMSIS/Device/ST/STM32F4xx/Include -I../Drivers/CMSIS/Include -I"C:/Users/Admin/Desktop/BFMC_Personal/STM32/BFMC_Sensor_401/MyDriver/Inc" -O0 -ffunction-sections -fdata-sections -Wall -fstack-usage -fcyclomatic-complexity -MMD -MP -MF"MyDriver/Src/bno055.d" -MT"MyDriver/Src/bno055.o" --specs=nano.specs -mfpu=fpv4-sp-d16 -mfloat-abi=hard -mthumb -o "MyDriver/Src/bno055.o"
arm-none-eabi-gcc -o "BFMC_Sensor_401.elf" @"objects.list"   -mcpu=cortex-m4 -T"C:\Users\Admin\Desktop\BFMC_Personal\STM32\BFMC_Sensor_401\STM32F401RETX_FLASH.ld" --specs=nosys.specs -Wl,-Map="BFMC_Sensor_401.map" -Wl,--gc-sections -static --specs=nano.specs -mfpu=fpv4-sp-d16 -mfloat-abi=hard -mthumb -Wl,--start-group -lc -lm -Wl,--end-group
Finished building target: BFMC_Sensor_401.elf
 
arm-none-eabi-size  BFMC_Sensor_401.elf 
arm-none-eabi-objdump -h -S BFMC_Sensor_401.elf  > "BFMC_Sensor_401.list"
   text	   data	    bss	    dec	    hex	filename
   6808	     12	   1572	   8392	   20c8	BFMC_Sensor_401.elf
Finished building: default.size.stdout
 
Finished building: BFMC_Sensor_401.list
 
00:49:21 **** Incremental Build of configuration Debug for project BFMC_Sensor_401 ****
make -j16 all 
arm-none-eabi-gcc "../MyDriver/Src/bno055.c" -mcpu=cortex-m4 -std=gnu11 -g3 -DDEBUG -DUSE_HAL_DRIVER -DSTM32F401xE -c -I../Core/Inc -I../Drivers/STM32F4xx_HAL_Driver/Inc -I../Drivers/STM32F4xx_HAL_Driver/Inc/Legacy -I../Drivers/CMSIS/Device/ST/STM32F4xx/Include -I../Drivers/CMSIS/Include -I"C:/Users/Admin/Desktop/BFMC_Personal/STM32/BFMC_Sensor_401/MyDriver/Inc" -O0 -ffunction-sections -fdata-sections -Wall -fstack-usage -fcyclomatic-complexity -MMD -MP -MF"MyDriver/Src/bno055.d" -MT"MyDriver/Src/bno055.o" --specs=nano.specs -mfpu=fpv4-sp-d16 -mfloat-abi=hard -mthumb -o "MyDriver/Src/bno055.o"
arm-none-eabi-gcc -o "BFMC_Sensor_401.elf" @"objects.list"   -mcpu=cortex-m4 -T"C:\Users\Admin\Desktop\BFMC_Personal\STM32\BFMC_Sensor_401\STM32F401RETX_FLASH.ld" --specs=nosys.specs -Wl,-Map="BFMC_Sensor_401.map" -Wl,--gc-sections -static --specs=nano.specs -mfpu=fpv4-sp-d16 -mfloat-abi=hard -mthumb -Wl,--start-group -lc -lm -Wl,--end-group
Finished building target: BFMC_Sensor_401.elf
 
arm-none-eabi-size  BFMC_Sensor_401.elf 
arm-none-eabi-objdump -h -S BFMC_Sensor_401.elf  > "BFMC_Sensor_401.list"
   text	   data	    bss	    dec	    hex	filename
   6808	     12	   1572	   8392	   20c8	BFMC_Sensor_401.elf
Finished building: default.size.stdout
 
Finished building: BFMC_Sensor_401.list
 
00:52:51 **** Incremental Build of configuration Debug for project BFMC_Sensor_401 ****
make -j16 all 
arm-none-eabi-gcc "../MyDriver/Src/bno055.c" -mcpu=cortex-m4 -std=gnu11 -g3 -DDEBUG -DUSE_HAL_DRIVER -DSTM32F401xE -c -I../Core/Inc -I../Drivers/STM32F4xx_HAL_Driver/Inc -I../Drivers/STM32F4xx_HAL_Driver/Inc/Legacy -I../Drivers/CMSIS/Device/ST/STM32F4xx/Include -I../Drivers/CMSIS/Include -I"C:/Users/Admin/Desktop/BFMC_Personal/STM32/BFMC_Sensor_401/MyDriver/Inc" -O0 -ffunction-sections -fdata-sections -Wall -fstack-usage -fcyclomatic-complexity -MMD -MP -MF"MyDriver/Src/bno055.d" -MT"MyDriver/Src/bno055.o" --specs=nano.specs -mfpu=fpv4-sp-d16 -mfloat-abi=hard -mthumb -o "MyDriver/Src/bno055.o"
arm-none-eabi-gcc "../Core/Src/main.c" -mcpu=cortex-m4 -std=gnu11 -g3 -DDEBUG -DUSE_HAL_DRIVER -DSTM32F401xE -c -I../Core/Inc -I../Drivers/STM32F4xx_HAL_Driver/Inc -I../Drivers/STM32F4xx_HAL_Driver/Inc/Legacy -I../Drivers/CMSIS/Device/ST/STM32F4xx/Include -I../Drivers/CMSIS/Include -I"C:/Users/Admin/Desktop/BFMC_Personal/STM32/BFMC_Sensor_401/MyDriver/Inc" -O0 -ffunction-sections -fdata-sections -Wall -fstack-usage -fcyclomatic-complexity -MMD -MP -MF"Core/Src/main.d" -MT"Core/Src/main.o" --specs=nano.specs -mfpu=fpv4-sp-d16 -mfloat-abi=hard -mthumb -o "Core/Src/main.o"
arm-none-eabi-gcc -o "BFMC_Sensor_401.elf" @"objects.list"   -mcpu=cortex-m4 -T"C:\Users\Admin\Desktop\BFMC_Personal\STM32\BFMC_Sensor_401\STM32F401RETX_FLASH.ld" --specs=nosys.specs -Wl,-Map="BFMC_Sensor_401.map" -Wl,--gc-sections -static --specs=nano.specs -mfpu=fpv4-sp-d16 -mfloat-abi=hard -mthumb -Wl,--start-group -lc -lm -Wl,--end-group
Finished building target: BFMC_Sensor_401.elf
 
arm-none-eabi-size  BFMC_Sensor_401.elf 
arm-none-eabi-objdump -h -S BFMC_Sensor_401.elf  > "BFMC_Sensor_401.list"
   text	   data	    bss	    dec	    hex	filename
   6880	     12	   1572	   8464	   2110	BFMC_Sensor_401.elf
Finished building: default.size.stdout
 
Finished building: BFMC_Sensor_401.list
 
