../Core/Src/main.c:45:6:UART_init	32	static
../Core/Src/main.c:88:6:UART_Transmit	24	static
../Core/Src/main.c:97:6:UART_send_number	32	static
../Core/Src/main.c:105:6:UART_print_log	24	static
../Core/Src/main.c:109:6:UART_send_float	24	static
../Core/Src/main.c:120:6:I2C1_Master_Init	56	static
../Core/Src/main.c:162:13:I2C1_WriteReg	32	static
../Core/Src/main.c:186:13:I2C1_ReadMulti	40	static
../Core/Src/main.c:226:16:BNO055_ReadReg	24	static
../Core/Src/main.c:234:6:BNO055_Init	8	static
../Core/Src/main.c:253:6:BNO055_ReadEuler_raw	32	static
../Core/Src/main.c:264:9:BNO055_ReadCalibStatus	8	static
../Core/Src/main.c:268:6:I2C_master_transmit	32	static
../Core/Src/main.c:294:6:I2C1_Slave_Init	48	static
../Core/Src/main.c:347:9:I2C1_Slave_Receive	32	static
../Core/Src/main.c:376:16:AS5600_ReadStatus	16	static
../Core/Src/main.c:383:17:AS5600_ReadAngleRaw	16	static
../Core/Src/main.c:394:14:AS5600_ReadAngleDeg	16	static
../Core/Src/main.c:399:7:AS5600_ReadAngularSpeedDeg	24	static
../Core/Src/main.c:427:5:main	40	static
